2026-09-03 06:24:07.859882: I tensorflow/core/util/port.cc:113] oneDNN custom operations are on. You may see slightly different numerical results due to floating-point round-off errors from different computation orders. To turn them off, set the environment variable `TF_ENABLE_ONEDNN_OPTS=0`.
2026-09-03 06:24:07.861683: I external/local_tsl/tsl/cuda/cudart_stub.cc:31] Could not find cuda drivers on your machine, GPU will not be used.
2026-09-03 06:24:07.885879: E external/local_xla/xla/stream_executor/cuda/cuda_dnn.cc:9261] Unable to register cuDNN factory: Attempting to register factory for plugin cuDNN when one has already been registered
2026-09-03 06:24:07.885908: E external/local_xla/xla/stream_executor/cuda/cuda_fft.cc:607] Unable to register cuFFT factory: Attempting to register factory for plugin cuFFT when one has already been registered
2026-09-03 06:24:07.886658: E external/local_xla/xla/stream_executor/cuda/cuda_blas.cc:1515] Unable to register cuBLAS factory: Attempting to register factory for plugin cuBLAS when one has already been registered
2026-09-03 06:24:07.891173: I external/local_tsl/tsl/cuda/cudart_stub.cc:31] Could not find cuda drivers on your machine, GPU will not be used.
2026-09-03 06:24:07.891372: I tensorflow/core/platform/cpu_feature_guard.cc:182] This TensorFlow binary is optimized to use available CPU instructions in performance-critical operations.
To enable the following instructions: AVX2 AVX512F AVX512_VNNI AVX512_BF16 FMA, in other operations, rebuild TensorFlow with the appropriate compiler flags.
2026-09-03 06:24:09.002952: W tensorflow/compiler/tf2tensorrt/utils/py_utils.cc:38] TF-TRT Warning: Could not find TensorRT
[06:24:09] OpenCV 4.9.0 — Haar=yes  DNN=yes                  face_detector.py:94
============================= test session starts ==============================
platform linux -- Python 3.10.21, pytest-8.0.2, pluggy-1.4.0
rootdir: /home/runner/work/hh_goa_task3/hh_goa_task3
configfile: pytest.ini
plugins: mock-3.12.0, anyio-4.14.2, cov-4.1.0
collected 14 items

tests/test_blockchain.py [06:24:09] py-solc-x not found — installing …                       deploy.py:70
[06:24:10] Installing solc 0.8.24 …                                 deploy.py:83
  0%|          | 0.00/15.0M [00:00<?, ?iB/s]  6%|▋         | 966k/15.0M [00:00<00:01, 9.66MiB/s] 15%|█▍        | 2.23M/15.0M [00:00<00:01, 11.4MiB/s] 22%|██▏       | 3.36M/15.0M [00:00<00:03, 3.23MiB/s] 27%|██▋       | 4.06M/15.0M [00:01<00:04, 2.20MiB/s] 30%|███       | 4.53M/15.0M [00:01<00:05, 1.84MiB/s] 32%|███▏      | 4.88M/15.0M [00:02<00:06, 1.62MiB/s] 34%|███▍      | 5.14M/15.0M [00:02<00:06, 1.53MiB/s] 36%|███▌      | 5.36M/15.0M [00:02<00:06, 1.45MiB/s] 37%|███▋      | 5.54M/15.0M [00:02<00:06, 1.37MiB/s] 38%|███▊      | 5.70M/15.0M [00:02<00:07, 1.29MiB/s] 39%|███▉      | 5.84M/15.0M [00:03<00:07, 1.28MiB/s] 40%|███▉      | 5.98M/15.0M [00:03<00:07, 1.23MiB/s] 41%|████      | 6.11M/15.0M [00:03<00:07, 1.22MiB/s] 41%|████▏     | 6.23M/15.0M [00:03<00:07, 1.20MiB/s] 42%|████▏     | 6.35M/15.0M [00:03<00:07, 1.17MiB/s] 43%|████▎     | 6.47M/15.0M [00:03<00:07, 1.14MiB/s] 44%|████▍     | 6.59M/15.0M [00:03<00:07, 1.09MiB/s] 45%|████▍     | 6.70M/15.0M [00:03<00:07, 1.05MiB/s] 45%|████▌     | 6.80M/15.0M [00:03<00:08, 1.02MiB/s] 46%|████▌     | 6.90M/15.0M [00:04<00:08, 1.01MiB/s] 47%|████▋     | 7.00M/15.0M [00:04<00:07, 1.00MiB/s] 47%|████▋     | 7.13M/15.0M [00:04<00:07, 1.08MiB/s] 48%|████▊     | 7.25M/15.0M [00:04<00:06, 1.11MiB/s] 49%|████▉     | 7.38M/15.0M [00:04<00:06, 1.16MiB/s] 50%|█████     | 7.52M/15.0M [00:04<00:06, 1.22MiB/s] 51%|█████     | 7.65M/15.0M [00:04<00:05, 1.25MiB/s] 52%|█████▏    | 7.78M/15.0M [00:04<00:05, 1.26MiB/s] 53%|█████▎    | 7.91M/15.0M [00:04<00:05, 1.28MiB/s] 54%|█████▎    | 8.04M/15.0M [00:04<00:05, 1.26MiB/s] 54%|█████▍    | 8.17M/15.0M [00:05<00:05, 1.27MiB/s] 55%|█████▌    | 8.30M/15.0M [00:05<00:05, 1.27MiB/s] 56%|█████▌    | 8.43M/15.0M [00:05<00:05, 1.26MiB/s] 57%|█████▋    | 8.55M/15.0M [00:05<00:05, 1.24MiB/s] 58%|█████▊    | 8.68M/15.0M [00:05<00:05, 1.19MiB/s] 59%|█████▊    | 8.80M/15.0M [00:05<00:05, 1.16MiB/s] 59%|█████▉    | 8.92M/15.0M [00:05<00:05, 1.04MiB/s] 60%|██████    | 9.02M/15.0M [00:05<00:06, 993kiB/s]  61%|██████    | 9.12M/15.0M [00:05<00:06, 952kiB/s] 61%|██████▏   | 9.22M/15.0M [00:06<00:06, 949kiB/s] 62%|██████▏   | 9.32M/15.0M [00:06<00:05, 953kiB/s] 63%|██████▎   | 9.41M/15.0M [00:06<00:05, 945kiB/s] 63%|██████▎   | 9.51M/15.0M [00:06<00:05, 933kiB/s] 64%|██████▍   | 9.60M/15.0M [00:06<00:05, 908kiB/s] 65%|██████▍   | 9.69M/15.0M [00:06<00:06, 884kiB/s] 65%|██████▌   | 9.78M/15.0M [00:06<00:06, 859kiB/s] 66%|██████▌   | 9.87M/15.0M [00:06<00:06, 834kiB/s] 66%|██████▋   | 9.96M/15.0M [00:06<00:05, 846kiB/s] 67%|██████▋   | 10.1M/15.0M [00:07<00:05, 883kiB/s] 68%|██████▊   | 10.1M/15.0M [00:07<00:05, 863kiB/s] 68%|██████▊   | 10.2M/15.0M [00:07<00:05, 866kiB/s] 69%|██████▊   | 10.3M/15.0M [00:07<00:05, 865kiB/s] 69%|██████▉   | 10.4M/15.0M [00:07<00:05, 869kiB/s] 70%|██████▉   | 10.5M/15.0M [00:07<00:05, 858kiB/s] 70%|███████   | 10.6M/15.0M [00:07<00:05, 843kiB/s] 71%|███████   | 10.7M/15.0M [00:07<00:05, 828kiB/s] 72%|███████▏  | 10.8M/15.0M [00:07<00:05, 816kiB/s] 72%|███████▏  | 10.8M/15.0M [00:07<00:05, 805kiB/s] 73%|███████▎  | 10.9M/15.0M [00:08<00:05, 769kiB/s] 73%|███████▎  | 11.0M/15.0M [00:08<00:05, 755kiB/s] 74%|███████▎  | 11.1M/15.0M [00:08<00:05, 767kiB/s] 74%|███████▍  | 11.2M/15.0M [00:08<00:04, 779kiB/s] 75%|███████▍  | 11.2M/15.0M [00:08<00:04, 779kiB/s] 75%|███████▌  | 11.3M/15.0M [00:08<00:04, 798kiB/s] 76%|███████▌  | 11.4M/15.0M [00:08<00:04, 809kiB/s] 76%|███████▋  | 11.5M/15.0M [00:08<00:04, 815kiB/s] 77%|███████▋  | 11.6M/15.0M [00:08<00:04, 810kiB/s] 78%|███████▊  | 11.6M/15.0M [00:08<00:04, 791kiB/s] 78%|███████▊  | 11.7M/15.0M [00:09<00:04, 769kiB/s] 79%|███████▊  | 11.8M/15.0M [00:09<00:04, 750kiB/s] 79%|███████▉  | 11.9M/15.0M [00:09<00:04, 737kiB/s] 80%|███████▉  | 12.0M/15.0M [00:09<00:04, 720kiB/s] 80%|████████  | 12.0M/15.0M [00:09<00:04, 725kiB/s] 81%|████████  | 12.1M/15.0M [00:09<00:03, 758kiB/s] 81%|████████  | 12.2M/15.0M [00:09<00:03, 747kiB/s] 82%|████████▏ | 12.3M/15.0M [00:09<00:03, 742kiB/s] 82%|████████▏ | 12.4M/15.0M [00:09<00:03, 762kiB/s] 83%|████████▎ | 12.4M/15.0M [00:10<00:03, 765kiB/s] 83%|████████▎ | 12.5M/15.0M [00:10<00:03, 765kiB/s] 84%|████████▍ | 12.6M/15.0M [00:10<00:03, 766kiB/s] 84%|████████▍ | 12.7M/15.0M [00:10<00:03, 757kiB/s] 85%|████████▍ | 12.7M/15.0M [00:10<00:03, 746kiB/s] 85%|████████▌ | 12.8M/15.0M [00:10<00:03, 730kiB/s] 86%|████████▌ | 12.9M/15.0M [00:10<00:03, 710kiB/s] 86%|████████▋ | 13.0M/15.0M [00:10<00:02, 691kiB/s] 87%|████████▋ | 13.0M/15.0M [00:10<00:02, 675kiB/s] 87%|████████▋ | 13.1M/15.0M [00:11<00:02, 663kiB/s] 88%|████████▊ | 13.2M/15.0M [00:11<00:02, 666kiB/s] 88%|████████▊ | 13.2M/15.0M [00:11<00:02, 673kiB/s] 89%|████████▊ | 13.3M/15.0M [00:11<00:02, 672kiB/s] 89%|████████▉ | 13.4M/15.0M [00:11<00:02, 683kiB/s] 90%|████████▉ | 13.4M/15.0M [00:11<00:02, 700kiB/s] 90%|████████▉ | 13.5M/15.0M [00:11<00:02, 705kiB/s] 90%|█████████ | 13.6M/15.0M [00:11<00:01, 717kiB/s] 91%|█████████ | 13.7M/15.0M [00:11<00:01, 756kiB/s] 92%|█████████▏| 13.8M/15.0M [00:11<00:01, 786kiB/s] 92%|█████████▏| 13.9M/15.0M [00:12<00:01, 805kiB/s] 93%|█████████▎| 13.9M/15.0M [00:12<00:01, 805kiB/s] 93%|█████████▎| 14.0M/15.0M [00:12<00:01, 805kiB/s] 94%|█████████▍| 14.1M/15.0M [00:12<00:01, 793kiB/s] 94%|█████████▍| 14.2M/15.0M [00:12<00:01, 804kiB/s] 95%|█████████▍| 14.3M/15.0M [00:12<00:00, 806kiB/s] 95%|█████████▌| 14.3M/15.0M [00:12<00:00, 792kiB/s] 96%|█████████▌| 14.4M/15.0M [00:12<00:00, 790kiB/s] 97%|█████████▋| 14.5M/15.0M [00:12<00:00, 798kiB/s] 97%|█████████▋| 14.6M/15.0M [00:12<00:00, 797kiB/s] 98%|█████████▊| 14.7M/15.0M [00:13<00:00, 790kiB/s] 98%|█████████▊| 14.7M/15.0M [00:13<00:00, 782kiB/s] 99%|█████████▊| 14.8M/15.0M [00:13<00:00, 773kiB/s] 99%|█████████▉| 14.9M/15.0M [00:13<00:00, 753kiB/s]100%|█████████▉| 15.0M/15.0M [00:13<00:00, 742kiB/s]100%|██████████| 15.0M/15.0M [00:13<00:00, 1.11MiB/s][06:24:24] Compiling                                               deploy.py:106
           /home/runner/work/hh_goa_task3/hh_goa_task3/contracts/I              
           dentityRegistry.sol ...                                              
EEEE
tests/test_face_detector.py [06:24:24] FaceDetector initialised  (OpenCV 4.9.0 —        face_detector.py:176
           method=Haar)                                                         
           FaceDetector -> processing                       face_detector.py:266
           /tmp/pytest-of-runner/pytest-0/test_face_detecto                     
           r_returns_cro0/dummy.jpg                                             
           [FALLBACK] Using OpenCV color-histogram          face_detector.py:334
           similarity — NOT a biometric embedding. Enable                       
           TensorFlow for DeepFace/ArcFace matching.                            
           Cascade loaded ->                                face_detector.py:466
           /opt/hostedtoolcache/Python/3.10.21/x64/lib/pyth                     
           on3.10/site-packages/cv2/data/haarcascade_fronta                     
           lface_default.xml                                                    
           Haar detected face  conf=1.000                   face_detector.py:452
           Warning: Cropped face appears blurry!            face_detector.py:369
╭────────────────────────────  [OK] Face Extracted ────────────────────────────╮
│                                                                              │
│    Cropped Target       /tmp/pytest-of-runner/pytest-0/test_face_detecto…    │
│    Bounding Box         x=50  y=50  w=100  h=100                             │
│    Confidence           1.0000  (100.00%)                                    │
│    Embedding Method     opencv_histogram_fallback                            │
│    Embedding Dim.       128-d  (colour histogram NOT biometric)              │
│                                                                              │
╰──────────────────────────────────────────────────────────────────────────────╯
.           FaceDetector initialised  (OpenCV 4.9.0 —        face_detector.py:176
           method=Haar)                                                         
.           FaceDetector initialised  (OpenCV 4.9.0 —        face_detector.py:176
           method=DeepFace (ArcFace / RetinaFace))                              
           FaceDetector -> processing                       face_detector.py:266
           /tmp/pytest-of-runner/pytest-0/test_deepface_pri                     
           mary_embeddin0/dummy.jpg                                             
           Warning: Cropped face appears blurry!            face_detector.py:306
╭────────────────────────────  [OK] Face Extracted ────────────────────────────╮
│                                                                              │
│    Cropped Target       /tmp/pytest-of-runner/pytest-0/test_deepface_pri…    │
│    Bounding Box         x=10  y=10  w=100  h=100                             │
│    Confidence           0.9900  (99.00%)                                     │
│    Embedding Method     arcface                                              │
│    Embedding Dim.       512-d  (biometric)                                   │
│                                                                              │
╰──────────────────────────────────────────────────────────────────────────────╯
.           Failed to initialize DeepFace/RetinaFace:        face_detector.py:158
           Tensorflow not found. Falling back to OpenCV.                        
           FaceDetector initialised  (OpenCV 4.9.0 —        face_detector.py:176
           method=Haar)                                                         
           FaceDetector -> processing                       face_detector.py:266
           /tmp/pytest-of-runner/pytest-0/test_deepface_fal                     
           lback_on_fail0/dummy.jpg                                             
           [FALLBACK] Using OpenCV color-histogram          face_detector.py:334
           similarity — NOT a biometric embedding. Enable                       
           TensorFlow for DeepFace/ArcFace matching.                            
           Cascade loaded ->                                face_detector.py:466
           /opt/hostedtoolcache/Python/3.10.21/x64/lib/pyth                     
           on3.10/site-packages/cv2/data/haarcascade_fronta                     
           lface_default.xml                                                    
           Haar detected face  conf=1.000                   face_detector.py:452
           Warning: Cropped face appears blurry!            face_detector.py:369
╭────────────────────────────  [OK] Face Extracted ────────────────────────────╮
│                                                                              │
│    Cropped Target       /tmp/pytest-of-runner/pytest-0/test_deepface_fal…    │
│    Bounding Box         x=50  y=50  w=100  h=100                             │
│    Confidence           1.0000  (100.00%)                                    │
│    Embedding Method     opencv_histogram_fallback                            │
│    Embedding Dim.       128-d  (colour histogram NOT biometric)              │
│                                                                              │
╰──────────────────────────────────────────────────────────────────────────────╯
.
tests/test_web_search.py ..[06:24:24] WebSearchEngine → Searching on                      web_search.py:172
           /tmp/pytest-of-runner/pytest-0/test_serpapi_success                  
           0/dummy1.jpg                                                         
           SerpAPI returned matches. Skipping fallbacks.       web_search.py:183
           ⚠  Thumbnail download failed:                       web_search.py:708
           HTTPConnectionPool(host='thumb', port=80): Max                       
           retries exceeded with url: / (Caused by                              
           NameResolutionError("HTTPConnection(host='thumb',                    
           port=80): Failed to resolve 'thumb' ([Errno -3]                      
           Temporary failure in name resolution)"))                             
                         🔍 Google Lens — OSINT Results                         
┏━━━━━━┳━━━━━━━━━━━━━━━━━━━━━━┳━━━━━━━━━━━━┳━━━━━━━━━━━━━━┳━━━━━━━━━━━━━━━━━━━━┓
┃ #    ┃ Domain               ┃ Title      ┃   Conf (bps) ┃ URL                ┃
┡━━━━━━╇━━━━━━━━━━━━━━━━━━━━━━╇━━━━━━━━━━━━╇━━━━━━━━━━━━━━╇━━━━━━━━━━━━━━━━━━━━┩
│ 1    │ ⭐ x.com             │ Test Title │        10000 │ https://x.com/test │
└──────┴──────────────────────┴────────────┴──────────────┴────────────────────┘
╭──────────────────────── ✅ Top Identification Match ─────────────────────────╮
│ Best match:    Test Title                                                    │
│ Domain:        x.com                                                         │
│ Confidence:    10000 bps (100.0%)                                            │
│ Engine:        serpapi                                                       │
│ Source URL:    https://x.com/test                                            │
│ Thumbnail:     http://thumb                                                  │
│ Image bytes:   0 bytes                                                       │
╰──────────────────────────────────────────────────────────────────────────────╯
.           WebSearchEngine → Searching on                      web_search.py:172
           /tmp/pytest-of-runner/pytest-0/test_bing_fallback0/                  
           dummy2.jpg                                                           
           SerpAPI returned no results or failed. Falling back web_search.py:191
           to Bing...                                                           
           Bing returned matches. Skipping Yandex.             web_search.py:196
           ⚠  Thumbnail download failed:                       web_search.py:708
           HTTPConnectionPool(host='thumb', port=80): Max                       
           retries exceeded with url: / (Caused by                              
           NameResolutionError("HTTPConnection(host='thumb',                    
           port=80): Failed to resolve 'thumb' ([Errno -3]                      
           Temporary failure in name resolution)"))                             
                         🔍 Google Lens — OSINT Results                         
┏━━━━━━┳━━━━━━━━━━━━━━━━━━━━━━┳━━━━━━━━━━━━━━━━┳━━━━━━━━━━━━━━┳━━━━━━━━━━━━━━━━┓
┃ #    ┃ Domain               ┃ Title          ┃   Conf (bps) ┃ URL            ┃
┡━━━━━━╇━━━━━━━━━━━━━━━━━━━━━━╇━━━━━━━━━━━━━━━━╇━━━━━━━━━━━━━━╇━━━━━━━━━━━━━━━━┩
│ 1    │ ⭐ x.com             │ Test Title     │        10000 │ https://x.com… │
│      │                      │ Bing           │              │                │
└──────┴──────────────────────┴────────────────┴──────────────┴────────────────┘
╭──────────────────────── ✅ Top Identification Match ─────────────────────────╮
│ Best match:    Test Title Bing                                               │
│ Domain:        x.com                                                         │
│ Confidence:    10000 bps (100.0%)                                            │
│ Engine:        bing                                                          │
│ Source URL:    https://x.com/bing                                            │
│ Thumbnail:     http://thumb                                                  │
│ Image bytes:   0 bytes                                                       │
╰──────────────────────────────────────────────────────────────────────────────╯
.           WebSearchEngine → Searching on                      web_search.py:172
           /tmp/pytest-of-runner/pytest-0/test_yandex_fallback                  
           0/dummy3.jpg                                                         
           SerpAPI returned no results or failed. Falling back web_search.py:191
           to Bing...                                                           
           Bing returned no results or failed. Falling back to web_search.py:200
           Yandex...                                                            
           Yandex returned matches.                            web_search.py:205
           ⚠  Thumbnail download failed:                       web_search.py:708
           HTTPConnectionPool(host='thumb', port=80): Max                       
           retries exceeded with url: / (Caused by                              
           NameResolutionError("HTTPConnection(host='thumb',                    
           port=80): Failed to resolve 'thumb' ([Errno -3]                      
           Temporary failure in name resolution)"))                             
                         🔍 Google Lens — OSINT Results                         
┏━━━━━━┳━━━━━━━━━━━━━━━━━━━━━━┳━━━━━━━━━━━━━━━━┳━━━━━━━━━━━━━━┳━━━━━━━━━━━━━━━━┓
┃ #    ┃ Domain               ┃ Title          ┃   Conf (bps) ┃ URL            ┃
┡━━━━━━╇━━━━━━━━━━━━━━━━━━━━━━╇━━━━━━━━━━━━━━━━╇━━━━━━━━━━━━━━╇━━━━━━━━━━━━━━━━┩
│ 1    │ ⭐ x.com             │ Test Title     │        10000 │ https://x.com… │
│      │                      │ Yandex         │              │                │
└──────┴──────────────────────┴────────────────┴──────────────┴────────────────┘
╭──────────────────────── ✅ Top Identification Match ─────────────────────────╮
│ Best match:    Test Title Yandex                                             │
│ Domain:        x.com                                                         │
│ Confidence:    10000 bps (100.0%)                                            │
│ Engine:        yandex                                                        │
│ Source URL:    https://x.com/yandex                                          │
│ Thumbnail:     http://thumb                                                  │
│ Image bytes:   0 bytes                                                       │
╰──────────────────────────────────────────────────────────────────────────────╯
.           WebSearchEngine → Searching on                      web_search.py:172
           /tmp/pytest-of-runner/pytest-0/test_all_fail0/dummy                  
           4.jpg                                                                
           SerpAPI returned no results or failed. Falling back web_search.py:191
           to Bing...                                                           
           Bing returned no results or failed. Falling back to web_search.py:200
           Yandex...                                                            
╭─────────────────────────────── ⚠  No Matches ────────────────────────────────╮
│ Search engines returned no visual matches for this image.                    │
│ • Ensure the face crop is clear and well-lit.                                │
│ • The person may not have a public web presence.                             │
╰──────────────────────────────────────────────────────────────────────────────╯
.

==================================== ERRORS ====================================
____________________ ERROR at setup of test_registrar_role _____________________

    @pytest.fixture(scope="module")
    def setup():
        # Setup in-memory Web3
        tester = EthereumTester(PyEVMBackend())
        w3 = Web3(Web3.EthereumTesterProvider(tester))
        w3.middleware_onion.inject(ExtraDataToPOAMiddleware, layer=0)
    
        # Compile
        bootstrap_solc()
>       abi, bytecode = compile_contract()

tests/test_blockchain.py:23: 
_ _ _ _ _ _ _ _ _ _ _ _ _ _ _ _ _ _ _ _ _ _ _ _ _ _ _ _ _ _ _ _ _ _ _ _ _ _ _ _ 
deploy.py:109: in compile_contract
    compiled = solcx.compile_files(
/opt/hostedtoolcache/Python/3.10.21/x64/lib/python3.10/site-packages/solcx/main.py:199: in compile_files
    return _compile_combined_json(
/opt/hostedtoolcache/Python/3.10.21/x64/lib/python3.10/site-packages/solcx/main.py:274: in _compile_combined_json
    stdoutdata, stderrdata, command, proc = wrapper.solc_wrapper(
_ _ _ _ _ _ _ _ _ _ _ _ _ _ _ _ _ _ _ _ _ _ _ _ _ _ _ _ _ _ _ _ _ _ _ _ _ _ _ _ 

solc_binary = PosixPath('/home/runner/.solcx/solc-v0.8.24'), stdin = None
source_files = [PosixPath('/home/runner/work/hh_goa_task3/hh_goa_task3/contracts/IdentityRegistry.sol')]
import_remappings = ['@openzeppelin=node_modules/@openzeppelin']
success_return_code = 0
kwargs = {'allow_paths': None, 'base_path': None, 'combined_json': 'abi,bin', 'evm_version': None, ...}
solc_version = <Version('0.8.24')>
command = ['/home/runner/.solcx/solc-v0.8.24', '/home/runner/work/hh_goa_task3/hh_goa_task3/contracts/IdentityRegistry.sol', '@openzeppelin=node_modules/@openzeppelin', '--combined-json', 'abi,bin', '--optimize', ...]
key = 'yul_optimizations', value = None
proc = <Popen: returncode: 1 args: ['/home/runner/.solcx/solc-v0.8.24', '/home/runn...>
stdoutdata = ''
stderrdata = 'Source "node_modules/@openzeppelin/contracts/access/AccessControl.sol" not found: File not found. Searched the follow...@openzeppelin/contracts/access/AccessControl.sol";\n  | ^^^^^^^^^^^^^^^^^^^^^^^^^^^^^^^^^^^^^^^^^^^^^^^^^^^^^^^^^^\n\n'

    def solc_wrapper(
        solc_binary: Optional[Union[Path, str]] = None,
        stdin: Optional[str] = None,
        source_files: Optional[Union[List, Path, str]] = None,
        import_remappings: Optional[Union[Dict, List, str]] = None,
        success_return_code: Optional[int] = None,
        **kwargs: Any,
    ) -> Tuple[str, str, List, subprocess.Popen]:
        """
        Wrapper function for calling to ``solc``.
    
        Args:
          solc_binary (Optional[Union[Path, str]]): Location of the
            ``solc`` binary. If not given, the current default binary is used.
          stdin (Optional[str]): Input to pass to ``solc`` via stdin.
          source_files (Optional[Union[List, Path, str]]): Path, or list of
            paths, of sources to compile
          import_remappings (Optional[Union[Dict, List, str]]): Path remappings.
            May be given as a string or list of strings, formatted as ``"prefix=path"``
            or a dict of ``{"prefix": "path"}``.
          success_return_code (Optional[int]): Expected exit code.
            Raises :class:`~solcx.exceptions.SolcError`` if the process returns a
            different value.
          **kwargs (Any): Flags to be passed to ``solc``. Keywords are converted to
            flags by prepending ``--`` and replacing ``_`` with ``-``, for example the
            keyword ``evm_version`` becomes ``--evm-version``. Values may be given in
            the following formats:
    
                * ``False``, ``None``: ignored
                * ``True``: flag is used without any arguments
                * str: given as an argument without modification
                * int: given as an argument, converted to a string
                * Path: converted to a string via ``Path.as_posix()``
                * List, Tuple: elements are converted to strings and joined with ``,``
    
        Returns:
          str: Process ``stdout`` output.
          str: Process ``stderr`` output.
          List: Full command executed by the function.
          Popen: Subprocess object used to call ``solc``.
        """
        solc_binary = Path(solc_binary) if solc_binary else install.get_executable()
        solc_version = get_solc_version(solc_binary)
        command: List = [str(solc_binary)]
    
        if (
            success_return_code is None
            and ("--help" in command or "help" in kwargs)
            and Version(solc_version.base_version) < Version("0.8.10")
        ):
            success_return_code = 1
        else:
            success_return_code = success_return_code or 0
    
        if source_files is not None:
            if isinstance(source_files, (str, Path)):
                command.append(_to_string("source_files", source_files))
            else:
                command.extend([_to_string("source_files", i) for i in source_files])
    
        if import_remappings is not None:
            if isinstance(import_remappings, str):
                command.append(import_remappings)
            else:
                if isinstance(import_remappings, dict):
                    import_remappings = [f"{k}={v}" for k, v in import_remappings.items()]
                command.extend(import_remappings)
    
        for key, value in kwargs.items():
            if value is None or value is False:
                continue
    
            key = f"--{key.replace('_', '-')}"
            if value is True:
                command.append(key)
            else:
                command.extend([key, _to_string(key, value)])
    
        if "standard_json" not in kwargs and not source_files:
            # indicates that solc should read from stdin
            command.append("-")
    
        if stdin is not None:
            stdin = str(stdin)
    
        proc = subprocess.Popen(
            command,
            stdin=subprocess.PIPE,
            stdout=subprocess.PIPE,
            stderr=subprocess.PIPE,
            encoding="utf8",
        )
    
        stdoutdata, stderrdata = proc.communicate(stdin)
    
        stderrdata = (
            stderrdata.replace("Error: ", "") if stderrdata.startswith("Error: ") else stderrdata
        )
    
        if proc.returncode != success_return_code:
            if stderrdata.startswith("unrecognised option"):
                # unrecognised option '<FLAG>'
                flag = stderrdata.split("'")[1]
                raise UnknownOption(
                    f"solc {solc_version.base_version} does not support the '{flag}' option'"
                )
            if stderrdata.startswith("Invalid option"):
                # Invalid option to <FLAG>: <OPTION>
                flag, option = stderrdata.split(": ")
                flag = flag.split(" ")[-1]
                raise UnknownValue(
                    f"solc {solc_version.base_version} does not accept "
                    f"'{option}' as an option for the '{flag}' flag"
                )
    
>           raise SolcError(
                command=command,
                return_code=proc.returncode,
                stdin_data=stdin,
                stdout_data=stdoutdata,
                stderr_data=stderrdata,
            )
E           solcx.exceptions.SolcError: An error occurred during execution
E           > command: `/home/runner/.solcx/solc-v0.8.24 /home/runner/work/hh_goa_task3/hh_goa_task3/contracts/IdentityRegistry.sol @openzeppelin=node_modules/@openzeppelin --combined-json abi,bin --optimize --optimize-runs 200`
E           > return code: `1`
E           > stdout:
E           
E           > stderr:
E           Source "node_modules/@openzeppelin/contracts/access/AccessControl.sol" not found: File not found. Searched the following locations: "".
E            --> contracts/IdentityRegistry.sol:4:1:
E             |
E           4 | import "@openzeppelin/contracts/access/AccessControl.sol";
E             | ^^^^^^^^^^^^^^^^^^^^^^^^^^^^^^^^^^^^^^^^^^^^^^^^^^^^^^^^^^

/opt/hostedtoolcache/Python/3.10.21/x64/lib/python3.10/site-packages/solcx/wrapper.py:157: SolcError
_____________ ERROR at setup of test_non_registrar_cannot_register _____________

    @pytest.fixture(scope="module")
    def setup():
        # Setup in-memory Web3
        tester = EthereumTester(PyEVMBackend())
        w3 = Web3(Web3.EthereumTesterProvider(tester))
        w3.middleware_onion.inject(ExtraDataToPOAMiddleware, layer=0)
    
        # Compile
        bootstrap_solc()
>       abi, bytecode = compile_contract()

tests/test_blockchain.py:23: 
_ _ _ _ _ _ _ _ _ _ _ _ _ _ _ _ _ _ _ _ _ _ _ _ _ _ _ _ _ _ _ _ _ _ _ _ _ _ _ _ 
deploy.py:109: in compile_contract
    compiled = solcx.compile_files(
/opt/hostedtoolcache/Python/3.10.21/x64/lib/python3.10/site-packages/solcx/main.py:199: in compile_files
    return _compile_combined_json(
/opt/hostedtoolcache/Python/3.10.21/x64/lib/python3.10/site-packages/solcx/main.py:274: in _compile_combined_json
    stdoutdata, stderrdata, command, proc = wrapper.solc_wrapper(
_ _ _ _ _ _ _ _ _ _ _ _ _ _ _ _ _ _ _ _ _ _ _ _ _ _ _ _ _ _ _ _ _ _ _ _ _ _ _ _ 

solc_binary = PosixPath('/home/runner/.solcx/solc-v0.8.24'), stdin = None
source_files = [PosixPath('/home/runner/work/hh_goa_task3/hh_goa_task3/contracts/IdentityRegistry.sol')]
import_remappings = ['@openzeppelin=node_modules/@openzeppelin']
success_return_code = 0
kwargs = {'allow_paths': None, 'base_path': None, 'combined_json': 'abi,bin', 'evm_version': None, ...}
solc_version = <Version('0.8.24')>
command = ['/home/runner/.solcx/solc-v0.8.24', '/home/runner/work/hh_goa_task3/hh_goa_task3/contracts/IdentityRegistry.sol', '@openzeppelin=node_modules/@openzeppelin', '--combined-json', 'abi,bin', '--optimize', ...]
key = 'yul_optimizations', value = None
proc = <Popen: returncode: 1 args: ['/home/runner/.solcx/solc-v0.8.24', '/home/runn...>
stdoutdata = ''
stderrdata = 'Source "node_modules/@openzeppelin/contracts/access/AccessControl.sol" not found: File not found. Searched the follow...@openzeppelin/contracts/access/AccessControl.sol";\n  | ^^^^^^^^^^^^^^^^^^^^^^^^^^^^^^^^^^^^^^^^^^^^^^^^^^^^^^^^^^\n\n'

    def solc_wrapper(
        solc_binary: Optional[Union[Path, str]] = None,
        stdin: Optional[str] = None,
        source_files: Optional[Union[List, Path, str]] = None,
        import_remappings: Optional[Union[Dict, List, str]] = None,
        success_return_code: Optional[int] = None,
        **kwargs: Any,
    ) -> Tuple[str, str, List, subprocess.Popen]:
        """
        Wrapper function for calling to ``solc``.
    
        Args:
          solc_binary (Optional[Union[Path, str]]): Location of the
            ``solc`` binary. If not given, the current default binary is used.
          stdin (Optional[str]): Input to pass to ``solc`` via stdin.
          source_files (Optional[Union[List, Path, str]]): Path, or list of
            paths, of sources to compile
          import_remappings (Optional[Union[Dict, List, str]]): Path remappings.
            May be given as a string or list of strings, formatted as ``"prefix=path"``
            or a dict of ``{"prefix": "path"}``.
          success_return_code (Optional[int]): Expected exit code.
            Raises :class:`~solcx.exceptions.SolcError`` if the process returns a
            different value.
          **kwargs (Any): Flags to be passed to ``solc``. Keywords are converted to
            flags by prepending ``--`` and replacing ``_`` with ``-``, for example the
            keyword ``evm_version`` becomes ``--evm-version``. Values may be given in
            the following formats:
    
                * ``False``, ``None``: ignored
                * ``True``: flag is used without any arguments
                * str: given as an argument without modification
                * int: given as an argument, converted to a string
                * Path: converted to a string via ``Path.as_posix()``
                * List, Tuple: elements are converted to strings and joined with ``,``
    
        Returns:
          str: Process ``stdout`` output.
          str: Process ``stderr`` output.
          List: Full command executed by the function.
          Popen: Subprocess object used to call ``solc``.
        """
        solc_binary = Path(solc_binary) if solc_binary else install.get_executable()
        solc_version = get_solc_version(solc_binary)
        command: List = [str(solc_binary)]
    
        if (
            success_return_code is None
            and ("--help" in command or "help" in kwargs)
            and Version(solc_version.base_version) < Version("0.8.10")
        ):
            success_return_code = 1
        else:
            success_return_code = success_return_code or 0
    
        if source_files is not None:
            if isinstance(source_files, (str, Path)):
                command.append(_to_string("source_files", source_files))
            else:
                command.extend([_to_string("source_files", i) for i in source_files])
    
        if import_remappings is not None:
            if isinstance(import_remappings, str):
                command.append(import_remappings)
            else:
                if isinstance(import_remappings, dict):
                    import_remappings = [f"{k}={v}" for k, v in import_remappings.items()]
                command.extend(import_remappings)
    
        for key, value in kwargs.items():
            if value is None or value is False:
                continue
    
            key = f"--{key.replace('_', '-')}"
            if value is True:
                command.append(key)
            else:
                command.extend([key, _to_string(key, value)])
    
        if "standard_json" not in kwargs and not source_files:
            # indicates that solc should read from stdin
            command.append("-")
    
        if stdin is not None:
            stdin = str(stdin)
    
        proc = subprocess.Popen(
            command,
            stdin=subprocess.PIPE,
            stdout=subprocess.PIPE,
            stderr=subprocess.PIPE,
            encoding="utf8",
        )
    
        stdoutdata, stderrdata = proc.communicate(stdin)
    
        stderrdata = (
            stderrdata.replace("Error: ", "") if stderrdata.startswith("Error: ") else stderrdata
        )
    
        if proc.returncode != success_return_code:
            if stderrdata.startswith("unrecognised option"):
                # unrecognised option '<FLAG>'
                flag = stderrdata.split("'")[1]
                raise UnknownOption(
                    f"solc {solc_version.base_version} does not support the '{flag}' option'"
                )
            if stderrdata.startswith("Invalid option"):
                # Invalid option to <FLAG>: <OPTION>
                flag, option = stderrdata.split(": ")
                flag = flag.split(" ")[-1]
                raise UnknownValue(
                    f"solc {solc_version.base_version} does not accept "
                    f"'{option}' as an option for the '{flag}' flag"
                )
    
>           raise SolcError(
                command=command,
                return_code=proc.returncode,
                stdin_data=stdin,
                stdout_data=stdoutdata,
                stderr_data=stderrdata,
            )
E           solcx.exceptions.SolcError: An error occurred during execution
E           > command: `/home/runner/.solcx/solc-v0.8.24 /home/runner/work/hh_goa_task3/hh_goa_task3/contracts/IdentityRegistry.sol @openzeppelin=node_modules/@openzeppelin --combined-json abi,bin --optimize --optimize-runs 200`
E           > return code: `1`
E           > stdout:
E           
E           > stderr:
E           Source "node_modules/@openzeppelin/contracts/access/AccessControl.sol" not found: File not found. Searched the following locations: "".
E            --> contracts/IdentityRegistry.sol:4:1:
E             |
E           4 | import "@openzeppelin/contracts/access/AccessControl.sol";
E             | ^^^^^^^^^^^^^^^^^^^^^^^^^^^^^^^^^^^^^^^^^^^^^^^^^^^^^^^^^^

/opt/hostedtoolcache/Python/3.10.21/x64/lib/python3.10/site-packages/solcx/wrapper.py:157: SolcError
_________________ ERROR at setup of test_grant_registrar_role __________________

    @pytest.fixture(scope="module")
    def setup():
        # Setup in-memory Web3
        tester = EthereumTester(PyEVMBackend())
        w3 = Web3(Web3.EthereumTesterProvider(tester))
        w3.middleware_onion.inject(ExtraDataToPOAMiddleware, layer=0)
    
        # Compile
        bootstrap_solc()
>       abi, bytecode = compile_contract()

tests/test_blockchain.py:23: 
_ _ _ _ _ _ _ _ _ _ _ _ _ _ _ _ _ _ _ _ _ _ _ _ _ _ _ _ _ _ _ _ _ _ _ _ _ _ _ _ 
deploy.py:109: in compile_contract
    compiled = solcx.compile_files(
/opt/hostedtoolcache/Python/3.10.21/x64/lib/python3.10/site-packages/solcx/main.py:199: in compile_files
    return _compile_combined_json(
/opt/hostedtoolcache/Python/3.10.21/x64/lib/python3.10/site-packages/solcx/main.py:274: in _compile_combined_json
    stdoutdata, stderrdata, command, proc = wrapper.solc_wrapper(
_ _ _ _ _ _ _ _ _ _ _ _ _ _ _ _ _ _ _ _ _ _ _ _ _ _ _ _ _ _ _ _ _ _ _ _ _ _ _ _ 

solc_binary = PosixPath('/home/runner/.solcx/solc-v0.8.24'), stdin = None
source_files = [PosixPath('/home/runner/work/hh_goa_task3/hh_goa_task3/contracts/IdentityRegistry.sol')]
import_remappings = ['@openzeppelin=node_modules/@openzeppelin']
success_return_code = 0
kwargs = {'allow_paths': None, 'base_path': None, 'combined_json': 'abi,bin', 'evm_version': None, ...}
solc_version = <Version('0.8.24')>
command = ['/home/runner/.solcx/solc-v0.8.24', '/home/runner/work/hh_goa_task3/hh_goa_task3/contracts/IdentityRegistry.sol', '@openzeppelin=node_modules/@openzeppelin', '--combined-json', 'abi,bin', '--optimize', ...]
key = 'yul_optimizations', value = None
proc = <Popen: returncode: 1 args: ['/home/runner/.solcx/solc-v0.8.24', '/home/runn...>
stdoutdata = ''
stderrdata = 'Source "node_modules/@openzeppelin/contracts/access/AccessControl.sol" not found: File not found. Searched the follow...@openzeppelin/contracts/access/AccessControl.sol";\n  | ^^^^^^^^^^^^^^^^^^^^^^^^^^^^^^^^^^^^^^^^^^^^^^^^^^^^^^^^^^\n\n'

    def solc_wrapper(
        solc_binary: Optional[Union[Path, str]] = None,
        stdin: Optional[str] = None,
        source_files: Optional[Union[List, Path, str]] = None,
        import_remappings: Optional[Union[Dict, List, str]] = None,
        success_return_code: Optional[int] = None,
        **kwargs: Any,
    ) -> Tuple[str, str, List, subprocess.Popen]:
        """
        Wrapper function for calling to ``solc``.
    
        Args:
          solc_binary (Optional[Union[Path, str]]): Location of the
            ``solc`` binary. If not given, the current default binary is used.
          stdin (Optional[str]): Input to pass to ``solc`` via stdin.
          source_files (Optional[Union[List, Path, str]]): Path, or list of
            paths, of sources to compile
          import_remappings (Optional[Union[Dict, List, str]]): Path remappings.
            May be given as a string or list of strings, formatted as ``"prefix=path"``
            or a dict of ``{"prefix": "path"}``.
          success_return_code (Optional[int]): Expected exit code.
            Raises :class:`~solcx.exceptions.SolcError`` if the process returns a
            different value.
          **kwargs (Any): Flags to be passed to ``solc``. Keywords are converted to
            flags by prepending ``--`` and replacing ``_`` with ``-``, for example the
            keyword ``evm_version`` becomes ``--evm-version``. Values may be given in
            the following formats:
    
                * ``False``, ``None``: ignored
                * ``True``: flag is used without any arguments
                * str: given as an argument without modification
                * int: given as an argument, converted to a string
                * Path: converted to a string via ``Path.as_posix()``
                * List, Tuple: elements are converted to strings and joined with ``,``
    
        Returns:
          str: Process ``stdout`` output.
          str: Process ``stderr`` output.
          List: Full command executed by the function.
          Popen: Subprocess object used to call ``solc``.
        """
        solc_binary = Path(solc_binary) if solc_binary else install.get_executable()
        solc_version = get_solc_version(solc_binary)
        command: List = [str(solc_binary)]
    
        if (
            success_return_code is None
            and ("--help" in command or "help" in kwargs)
            and Version(solc_version.base_version) < Version("0.8.10")
        ):
            success_return_code = 1
        else:
            success_return_code = success_return_code or 0
    
        if source_files is not None:
            if isinstance(source_files, (str, Path)):
                command.append(_to_string("source_files", source_files))
            else:
                command.extend([_to_string("source_files", i) for i in source_files])
    
        if import_remappings is not None:
            if isinstance(import_remappings, str):
                command.append(import_remappings)
            else:
                if isinstance(import_remappings, dict):
                    import_remappings = [f"{k}={v}" for k, v in import_remappings.items()]
                command.extend(import_remappings)
    
        for key, value in kwargs.items():
            if value is None or value is False:
                continue
    
            key = f"--{key.replace('_', '-')}"
            if value is True:
                command.append(key)
            else:
                command.extend([key, _to_string(key, value)])
    
        if "standard_json" not in kwargs and not source_files:
            # indicates that solc should read from stdin
            command.append("-")
    
        if stdin is not None:
            stdin = str(stdin)
    
        proc = subprocess.Popen(
            command,
            stdin=subprocess.PIPE,
            stdout=subprocess.PIPE,
            stderr=subprocess.PIPE,
            encoding="utf8",
        )
    
        stdoutdata, stderrdata = proc.communicate(stdin)
    
        stderrdata = (
            stderrdata.replace("Error: ", "") if stderrdata.startswith("Error: ") else stderrdata
        )
    
        if proc.returncode != success_return_code:
            if stderrdata.startswith("unrecognised option"):
                # unrecognised option '<FLAG>'
                flag = stderrdata.split("'")[1]
                raise UnknownOption(
                    f"solc {solc_version.base_version} does not support the '{flag}' option'"
                )
            if stderrdata.startswith("Invalid option"):
                # Invalid option to <FLAG>: <OPTION>
                flag, option = stderrdata.split(": ")
                flag = flag.split(" ")[-1]
                raise UnknownValue(
                    f"solc {solc_version.base_version} does not accept "
                    f"'{option}' as an option for the '{flag}' flag"
                )
    
>           raise SolcError(
                command=command,
                return_code=proc.returncode,
                stdin_data=stdin,
                stdout_data=stdoutdata,
                stderr_data=stderrdata,
            )
E           solcx.exceptions.SolcError: An error occurred during execution
E           > command: `/home/runner/.solcx/solc-v0.8.24 /home/runner/work/hh_goa_task3/hh_goa_task3/contracts/IdentityRegistry.sol @openzeppelin=node_modules/@openzeppelin --combined-json abi,bin --optimize --optimize-runs 200`
E           > return code: `1`
E           > stdout:
E           
E           > stderr:
E           Source "node_modules/@openzeppelin/contracts/access/AccessControl.sol" not found: File not found. Searched the following locations: "".
E            --> contracts/IdentityRegistry.sol:4:1:
E             |
E           4 | import "@openzeppelin/contracts/access/AccessControl.sol";
E             | ^^^^^^^^^^^^^^^^^^^^^^^^^^^^^^^^^^^^^^^^^^^^^^^^^^^^^^^^^^

/opt/hostedtoolcache/Python/3.10.21/x64/lib/python3.10/site-packages/solcx/wrapper.py:157: SolcError
__________________ ERROR at setup of test_metadata_uri_stored __________________

    @pytest.fixture(scope="module")
    def setup():
        # Setup in-memory Web3
        tester = EthereumTester(PyEVMBackend())
        w3 = Web3(Web3.EthereumTesterProvider(tester))
        w3.middleware_onion.inject(ExtraDataToPOAMiddleware, layer=0)
    
        # Compile
        bootstrap_solc()
>       abi, bytecode = compile_contract()

tests/test_blockchain.py:23: 
_ _ _ _ _ _ _ _ _ _ _ _ _ _ _ _ _ _ _ _ _ _ _ _ _ _ _ _ _ _ _ _ _ _ _ _ _ _ _ _ 
deploy.py:109: in compile_contract
    compiled = solcx.compile_files(
/opt/hostedtoolcache/Python/3.10.21/x64/lib/python3.10/site-packages/solcx/main.py:199: in compile_files
    return _compile_combined_json(
/opt/hostedtoolcache/Python/3.10.21/x64/lib/python3.10/site-packages/solcx/main.py:274: in _compile_combined_json
    stdoutdata, stderrdata, command, proc = wrapper.solc_wrapper(
_ _ _ _ _ _ _ _ _ _ _ _ _ _ _ _ _ _ _ _ _ _ _ _ _ _ _ _ _ _ _ _ _ _ _ _ _ _ _ _ 

solc_binary = PosixPath('/home/runner/.solcx/solc-v0.8.24'), stdin = None
source_files = [PosixPath('/home/runner/work/hh_goa_task3/hh_goa_task3/contracts/IdentityRegistry.sol')]
import_remappings = ['@openzeppelin=node_modules/@openzeppelin']
success_return_code = 0
kwargs = {'allow_paths': None, 'base_path': None, 'combined_json': 'abi,bin', 'evm_version': None, ...}
solc_version = <Version('0.8.24')>
command = ['/home/runner/.solcx/solc-v0.8.24', '/home/runner/work/hh_goa_task3/hh_goa_task3/contracts/IdentityRegistry.sol', '@openzeppelin=node_modules/@openzeppelin', '--combined-json', 'abi,bin', '--optimize', ...]
key = 'yul_optimizations', value = None
proc = <Popen: returncode: 1 args: ['/home/runner/.solcx/solc-v0.8.24', '/home/runn...>
stdoutdata = ''
stderrdata = 'Source "node_modules/@openzeppelin/contracts/access/AccessControl.sol" not found: File not found. Searched the follow...@openzeppelin/contracts/access/AccessControl.sol";\n  | ^^^^^^^^^^^^^^^^^^^^^^^^^^^^^^^^^^^^^^^^^^^^^^^^^^^^^^^^^^\n\n'

    def solc_wrapper(
        solc_binary: Optional[Union[Path, str]] = None,
        stdin: Optional[str] = None,
        source_files: Optional[Union[List, Path, str]] = None,
        import_remappings: Optional[Union[Dict, List, str]] = None,
        success_return_code: Optional[int] = None,
        **kwargs: Any,
    ) -> Tuple[str, str, List, subprocess.Popen]:
        """
        Wrapper function for calling to ``solc``.
    
        Args:
          solc_binary (Optional[Union[Path, str]]): Location of the
            ``solc`` binary. If not given, the current default binary is used.
          stdin (Optional[str]): Input to pass to ``solc`` via stdin.
          source_files (Optional[Union[List, Path, str]]): Path, or list of
            paths, of sources to compile
          import_remappings (Optional[Union[Dict, List, str]]): Path remappings.
            May be given as a string or list of strings, formatted as ``"prefix=path"``
            or a dict of ``{"prefix": "path"}``.
          success_return_code (Optional[int]): Expected exit code.
            Raises :class:`~solcx.exceptions.SolcError`` if the process returns a
            different value.
          **kwargs (Any): Flags to be passed to ``solc``. Keywords are converted to
            flags by prepending ``--`` and replacing ``_`` with ``-``, for example the
            keyword ``evm_version`` becomes ``--evm-version``. Values may be given in
            the following formats:
    
                * ``False``, ``None``: ignored
                * ``True``: flag is used without any arguments
                * str: given as an argument without modification
                * int: given as an argument, converted to a string
                * Path: converted to a string via ``Path.as_posix()``
                * List, Tuple: elements are converted to strings and joined with ``,``
    
        Returns:
          str: Process ``stdout`` output.
          str: Process ``stderr`` output.
          List: Full command executed by the function.
          Popen: Subprocess object used to call ``solc``.
        """
        solc_binary = Path(solc_binary) if solc_binary else install.get_executable()
        solc_version = get_solc_version(solc_binary)
        command: List = [str(solc_binary)]
    
        if (
            success_return_code is None
            and ("--help" in command or "help" in kwargs)
            and Version(solc_version.base_version) < Version("0.8.10")
        ):
            success_return_code = 1
        else:
            success_return_code = success_return_code or 0
    
        if source_files is not None:
            if isinstance(source_files, (str, Path)):
                command.append(_to_string("source_files", source_files))
            else:
                command.extend([_to_string("source_files", i) for i in source_files])
    
        if import_remappings is not None:
            if isinstance(import_remappings, str):
                command.append(import_remappings)
            else:
                if isinstance(import_remappings, dict):
                    import_remappings = [f"{k}={v}" for k, v in import_remappings.items()]
                command.extend(import_remappings)
    
        for key, value in kwargs.items():
            if value is None or value is False:
                continue
    
            key = f"--{key.replace('_', '-')}"
            if value is True:
                command.append(key)
            else:
                command.extend([key, _to_string(key, value)])
    
        if "standard_json" not in kwargs and not source_files:
            # indicates that solc should read from stdin
            command.append("-")
    
        if stdin is not None:
            stdin = str(stdin)
    
        proc = subprocess.Popen(
            command,
            stdin=subprocess.PIPE,
            stdout=subprocess.PIPE,
            stderr=subprocess.PIPE,
            encoding="utf8",
        )
    
        stdoutdata, stderrdata = proc.communicate(stdin)
    
        stderrdata = (
            stderrdata.replace("Error: ", "") if stderrdata.startswith("Error: ") else stderrdata
        )
    
        if proc.returncode != success_return_code:
            if stderrdata.startswith("unrecognised option"):
                # unrecognised option '<FLAG>'
                flag = stderrdata.split("'")[1]
                raise UnknownOption(
                    f"solc {solc_version.base_version} does not support the '{flag}' option'"
                )
            if stderrdata.startswith("Invalid option"):
                # Invalid option to <FLAG>: <OPTION>
                flag, option = stderrdata.split(": ")
                flag = flag.split(" ")[-1]
                raise UnknownValue(
                    f"solc {solc_version.base_version} does not accept "
                    f"'{option}' as an option for the '{flag}' flag"
                )
    
>           raise SolcError(
                command=command,
                return_code=proc.returncode,
                stdin_data=stdin,
                stdout_data=stdoutdata,
                stderr_data=stderrdata,
            )
E           solcx.exceptions.SolcError: An error occurred during execution
E           > command: `/home/runner/.solcx/solc-v0.8.24 /home/runner/work/hh_goa_task3/hh_goa_task3/contracts/IdentityRegistry.sol @openzeppelin=node_modules/@openzeppelin --combined-json abi,bin --optimize --optimize-runs 200`
E           > return code: `1`
E           > stdout:
E           
E           > stderr:
E           Source "node_modules/@openzeppelin/contracts/access/AccessControl.sol" not found: File not found. Searched the following locations: "".
E            --> contracts/IdentityRegistry.sol:4:1:
E             |
E           4 | import "@openzeppelin/contracts/access/AccessControl.sol";
E             | ^^^^^^^^^^^^^^^^^^^^^^^^^^^^^^^^^^^^^^^^^^^^^^^^^^^^^^^^^^

/opt/hostedtoolcache/Python/3.10.21/x64/lib/python3.10/site-packages/solcx/wrapper.py:157: SolcError
=============================== warnings summary ===============================
../../../../../opt/hostedtoolcache/Python/3.10.21/x64/lib/python3.10/site-packages/websockets/legacy/__init__.py:6

